admin1@414-16:~$ mysql --version
mysql  Ver 14.14 Distrib 5.7.42, for Linux (x86_64) using  EditLine wrapper
admin1@414-16:~$ sudo apt upgrade
Reading package lists... Done
Building dependency tree       
Reading state information... Done
Calculating upgrade... Done
The following security updates require Ubuntu Pro with 'esm-infra' enabled:
  python2.7-dev libpython3.6-minimal libnghttp2-14 libisccfg160 libcups2
  libcups2 linux-headers-generic linux-libc-dev vim-common libx11-xcb-dev
  libldap-2.4-2 libldap-2.4-2 qemu-system-mips qemu-system-misc
  libpython3.6-dev imagemagick qemu-system-ppc linux-image-generic
  python-requests libavahi-glib1 python2.7-minimal libpam-cap
  libpython3.6-stdlib libmagickwand-6.q16-3 libirs160 bind9-host
  libavahi-common-data libavahi-common-data dnsutils libtiff-dev
  libavahi-common3 libavahi-common3 libpython2.7 python2.7 qemu-system-x86
  libpython3.6 python3.6 openssh-sftp-server libyajl2 libisc169
  qemu-system-s390x libpython2.7-dev cups-server-common qemu-user
  amd64-microcode cups-common openjdk-11-jre-headless libx11-6 libx11-6
  python3-requests libtiff5-dev libavahi-ui-gtk3-0 python3.6-minimal
  imagemagick-6.q16 libtiff5 libtiff5 qemu libisc-export169 cups-ppdc
  libcupsmime1 avahi-daemon libcap2 libcap2 ssh qemu-utils openjdk-11-jdk
  libcap2-bin openjdk-11-jre libldap-common libavahi-core7 liblwres160
  vim-runtime vim qemu-system-sparc xxd openssh-server libx11-data
  qemu-user-binfmt openssh-client libdns-export1100 libmagickcore-6.q16-3
  avahi-autoipd qemu-kvm libx11-dev libx11-doc libcupsppdc1
  libpython2.7-minimal vim-tiny libisccc160 libmagickcore-6.q16-3-extra
  cups-bsd avahi-utils qemu-system-arm cups-core-drivers cups-daemon
  libbind9-160 python3.6-dev libdns1100 libcupsimage2 libpython2.7-stdlib
  libavahi-client3 libavahi-client3 cups libcupscgi1 qemu-block-extra
  cups-client cups-ipp-utils openjdk-11-jdk-headless linux-generic
  qemu-system-common libx11-xcb1 libx11-xcb1 libtiffxx5 qemu-system
  imagemagick-6-common
Learn more about Ubuntu Pro at https://ubuntu.com/pro
#
# You can verify the status of security fixes using the `pro fix` command.
# E.g., a recent Ruby vulnerability can be checked with: `pro fix USN-6219-1`
# For more detail see: https://ubuntu.com/security/notices/USN-6219-1
#
The following packages will be upgraded:
  google-chrome-stable
1 upgraded, 0 newly installed, 0 to remove and 0 not upgraded.
Need to get 95.2 MB of archives.
After this operation, 2,196 kB of additional disk space will be used.
Do you want to continue? [Y/n] y
Get:1 https://dl.google.com/linux/chrome/deb stable/main amd64 google-chrome-stable amd64 115.0.5790.170-1 [95.2 MB]
Fetched 95.2 MB in 3s (29.9 MB/s)               
(Reading database ... 237871 files and directories currently installed.)
Preparing to unpack .../google-chrome-stable_115.0.5790.170-1_amd64.deb ...
Unpacking google-chrome-stable (115.0.5790.170-1) over (113.0.5672.92-1) ...
Setting up google-chrome-stable (115.0.5790.170-1) ...
Processing triggers for desktop-file-utils (0.23-1ubuntu3.18.04.2) ...
Processing triggers for man-db (2.8.3-2ubuntu0.1) ...
Processing triggers for gnome-menus (3.13.3-11ubuntu1.1) ...
Processing triggers for mime-support (3.60ubuntu1) ...
admin1@414-16:~$ sudo apt update
Hit:1 http://mirrors.piconets.webwerks.in/ubuntu-mirror/ubuntu bionic InRelease
Hit:2 http://mirrors.piconets.webwerks.in/ubuntu-mirror/ubuntu bionic-updates InRelease                                                      
Hit:3 http://mirrors.piconets.webwerks.in/ubuntu-mirror/ubuntu bionic-backports InRelease                                                    
Hit:4 http://mirrors.piconets.webwerks.in/ubuntu-mirror/ubuntu bionic-security InRelease                                                     
Hit:5 https://dl.google.com/linux/chrome/deb stable InRelease                                                                                
Ign:7 http://ppa.launchpad.net/libccd-debs/ppa/ubuntu bionic InRelease                                                                       
Hit:8 http://us.archive.ubuntu.com/ubuntu xenial InRelease                                                                           
Hit:9 http://ppa.launchpad.net/webupd8team/java/ubuntu bionic InRelease                                                                      
Hit:6 http://mirrors.edge.kernel.org/ubuntu xenial InRelease                                                                                 
Err:10 http://ppa.launchpad.net/libccd-debs/ppa/ubuntu bionic Release                                                          
  404  Not Found [IP: 185.125.190.52 80]
Ign:11 https://ftp.ussg.iu.edu/CRAN/bin/linux/ubuntu trusty/ InRelease                                                         
Get:12 https://ftp.ussg.iu.edu/CRAN/bin/linux/ubuntu trusty/ Release [3,068 B]
Get:13 https://ftp.ussg.iu.edu/CRAN/bin/linux/ubuntu trusty/ Release.gpg [488 B]
Err:13 https://ftp.ussg.iu.edu/CRAN/bin/linux/ubuntu trusty/ Release.gpg
  The following signatures were invalid: EXPKEYSIG 51716619E084DAB9 Michael Rutter <marutter@gmail.com>
Reading package lists... Done   
E: The repository 'http://ppa.launchpad.net/libccd-debs/ppa/ubuntu bionic Release' does not have a Release file.
N: Updating from such a repository can't be done securely, and is therefore disabled by default.
N: See apt-secure(8) manpage for repository creation and user configuration details.
W: An error occurred during the signature verification. The repository is not updated and the previous index files will be used. GPG error: https://ftp.ussg.iu.edu/CRAN/bin/linux/ubuntu trusty/ Release: The following signatures were invalid: EXPKEYSIG 51716619E084DAB9 Michael Rutter <marutter@gmail.com>
admin1@414-16:~$ mysql --version
mysql  Ver 14.14 Distrib 5.7.42, for Linux (x86_64) using  EditLine wrapper
admin1@414-16:~$ create user 'parth'@'localhost' identified by 'Pass@123';

Command 'create' not found, did you mean:

  command 'pcreate' from deb pbuilder-scripts
  command 'pcreate' from deb python-pyramid

Try: sudo apt install <deb name>

admin1@414-16:~$ sudo mysql
Welcome to the MySQL monitor.  Commands end with ; or \g.
Your MySQL connection id is 5
Server version: 5.7.42-0ubuntu0.18.04.1 (Ubuntu)

Copyright (c) 2000, 2023, Oracle and/or its affiliates.

Oracle is a registered trademark of Oracle Corporation and/or its
affiliates. Other names may be trademarks of their respective
owners.

Type 'help;' or '\h' for help. Type '\c' to clear the current input statement.

mysql> create user 'Parth'@'localhost' identified by 'Pass@123';
Query OK, 0 rows affected (0.06 sec)

mysql> GRANT ALL PRIVILEGES ON *.* To 'Parth'@'localhost' IDENTIFIED BY 'Pass@123';
Query OK, 0 rows affected, 1 warning (0.00 sec)

mysql> flush priviliges
    -> flush priviliges;
ERROR 1064 (42000): You have an error in your SQL syntax; check the manual that corresponds to your MySQL server version for the right syntax to use near 'priviliges
flush priviliges' at line 1
mysql> flush priviliges;
ERROR 1064 (42000): You have an error in your SQL syntax; check the manual that corresponds to your MySQL server version for the right syntax to use near 'priviliges' at line 1
mysql> 
